#-----------------------------------------------------------
# Vivado v2023.1 (64-bit)
# SW Build 3865809 on Sun May  7 15:04:56 MDT 2023
# IP Build 3864474 on Sun May  7 20:36:21 MDT 2023
# SharedData Build 3865790 on Sun May 07 13:33:03 MDT 2023
# Start of session at: Thu Aug 13 20:24:22 2026
# Process ID: 129664
# Current directory: /home/apm18/systemverilog-uart-tx/tb
# Command line: vivado
# Log file: /home/apm18/systemverilog-uart-tx/tb/vivado.log
# Journal file: /home/apm18/systemverilog-uart-tx/tb/vivado.jou
# Running On: fastx4-21.ews.illinois.edu, OS: Linux, CPU Frequency: 2095.077 MHz, CPU Physical cores: 10, Host memory: 24925 MB
#-----------------------------------------------------------
start_gui
open_project /home/apm18/systemverilog-uart-tx/uart_tx/uart_tx.xpr
update_compile_order -fileset sources_1
launch_simulation
source tb_uart_tx.tcl
current_wave_config {Untitled 1}
add_wave {{/tb_uart_tx/dut/state}} {{/tb_uart_tx/dut/bit_index}} 
close_sim
launch_simulation
source tb_uart_tx.tcl
current_wave_config {Untitled 2}
add_wave {{/tb_uart_tx/dut/state}} 
current_wave_config {Untitled 2}
add_wave {{/tb_uart_tx/dut/bit_index}} 
save_wave_config {/home/apm18/systemverilog-uart-tx/uart_tx/tb_uart_tx_behav.wcfg}
add_files -fileset sim_1 -norecurse /home/apm18/systemverilog-uart-tx/uart_tx/tb_uart_tx_behav.wcfg
set_property xsim.view /home/apm18/systemverilog-uart-tx/uart_tx/tb_uart_tx_behav.wcfg [get_filesets sim_1]
close_sim
launch_simulation
open_wave_config /home/apm18/systemverilog-uart-tx/uart_tx/tb_uart_tx_behav.wcfg
source tb_uart_tx.tcl
close_sim
